#-----------------------------------------------------------
# Vivado v2023.2 (64-bit)
# SW Build 4029153 on Fri Oct 13 20:14:34 MDT 2023
# IP Build 4028589 on Sat Oct 14 00:45:43 MDT 2023
# SharedData Build 4025554 on Tue Oct 10 17:18:54 MDT 2023
# Start of session at: Mon Apr 15 21:42:42 2024
# Process ID: 22920
# Current directory: D:/HDLLogicDesignProject_Rework/Source/Perpentual_Calendar_Rework/Perpentual_Calendar_Rework.runs/synth_1
# Command line: vivado.exe -log Perpentual_Calendar.vds -product Vivado -mode batch -messageDb vivado.pb -notrace -source Perpentual_Calendar.tcl
# Log file: D:/HDLLogicDesignProject_Rework/Source/Perpentual_Calendar_Rework/Perpentual_Calendar_Rework.runs/synth_1/Perpentual_Calendar.vds
# Journal file: D:/HDLLogicDesignProject_Rework/Source/Perpentual_Calendar_Rework/Perpentual_Calendar_Rework.runs/synth_1\vivado.jou
# Running On: LAPTOP-9BJOKJMD, OS: Windows, CPU Frequency: 2688 MHz, CPU Physical cores: 6, Host memory: 8315 MB
#-----------------------------------------------------------
source Perpentual_Calendar.tcl -notrace
